test_advertised_is_not_certified (test_reference.EvidenceAndPersistenceTests.test_advertised_is_not_certified) ... ok
test_all_evidence_required (test_reference.EvidenceAndPersistenceTests.test_all_evidence_required) ... ok
test_atomic_write_preserves_unrelated_source (test_reference.EvidenceAndPersistenceTests.test_atomic_write_preserves_unrelated_source) ... ok
test_canonical_manifest_is_order_independent (test_reference.EvidenceAndPersistenceTests.test_canonical_manifest_is_order_independent) ... ok
test_corrupt_manifest_does_not_replace_valid_output (test_reference.EvidenceAndPersistenceTests.test_corrupt_manifest_does_not_replace_valid_output) ... ok
test_counter_noise_has_reasonable_synthetic_statistics (test_reference.EvidenceAndPersistenceTests.test_counter_noise_has_reasonable_synthetic_statistics) ... ok
test_counter_noise_is_reproducible (test_reference.EvidenceAndPersistenceTests.test_counter_noise_is_reproducible) ... ok
test_density_to_transmission (test_reference.EvidenceAndPersistenceTests.test_density_to_transmission) ... ok
test_film_density_responds_monotonically (test_reference.EvidenceAndPersistenceTests.test_film_density_responds_monotonically) ... ok
test_no_claimed_movie_lens_from_null_fact (test_reference.EvidenceAndPersistenceTests.test_no_claimed_movie_lens_from_null_fact) ... ok
test_recipe_requires_evidence_for_documented_claims (test_reference.EvidenceAndPersistenceTests.test_recipe_requires_evidence_for_documented_claims) ... ok
test_resume_key_covers_model_and_source (test_reference.EvidenceAndPersistenceTests.test_resume_key_covers_model_and_source) ... ok
test_source_lineage_disallows_raw_label_for_sdr (test_reference.EvidenceAndPersistenceTests.test_source_lineage_disallows_raw_label_for_sdr) ... ok
test_ten_bit_output_alone_does_not_upgrade_source (test_reference.EvidenceAndPersistenceTests.test_ten_bit_output_alone_does_not_upgrade_source) ... ok
test_black_is_published_ei800_intercept (test_reference.LogEncodingTests.test_black_is_published_ei800_intercept) ... ok
test_curve_is_monotonic_over_operating_domain (test_reference.LogEncodingTests.test_curve_is_monotonic_over_operating_domain) ... ok
test_middle_grey_is_near_documented_value (test_reference.LogEncodingTests.test_middle_grey_is_near_documented_value) ... ok
test_nonfinite_values_are_rejected (test_reference.LogEncodingTests.test_nonfinite_values_are_rejected) ... ok
test_rounded_branch_coefficients_have_bounded_join (test_reference.LogEncodingTests.test_rounded_branch_coefficients_have_bounded_join) ... ok
test_signed_values_round_trip (test_reference.LogEncodingTests.test_signed_values_round_trip) ... ok
test_black_normalization_retains_negative_noise (test_reference.NumericContractsTests.test_black_normalization_retains_negative_noise) ... ok
test_cfr_integer_arithmetic_avoids_accumulating_rounding (test_reference.NumericContractsTests.test_cfr_integer_arithmetic_avoids_accumulating_rounding) ... ok
test_cfr_invalid_values_rejected (test_reference.NumericContractsTests.test_cfr_invalid_values_rejected) ... ok
test_duplicate_sensor_timestamps_rejected (test_reference.NumericContractsTests.test_duplicate_sensor_timestamps_rejected) ... ok
test_invalid_white_level_rejected (test_reference.NumericContractsTests.test_invalid_white_level_rejected) ... ok
test_legal_luma_endpoints (test_reference.NumericContractsTests.test_legal_luma_endpoints) ... ok
test_p010_invalid_codes_and_stride_are_rejected (test_reference.NumericContractsTests.test_p010_invalid_codes_and_stride_are_rejected) ... ok
test_p010_row_obeys_stride_and_bit_alignment (test_reference.NumericContractsTests.test_p010_row_obeys_stride_and_bit_alignment) ... ok
test_p010_unpack_rejects_low_bit_pollution (test_reference.NumericContractsTests.test_p010_unpack_rejects_low_bit_pollution) ... ok
test_quantization_rejects_unconsented_clipping (test_reference.NumericContractsTests.test_quantization_rejects_unconsented_clipping) ... ok
test_timestamp_pairing_is_exact_not_nearest (test_reference.NumericContractsTests.test_timestamp_pairing_is_exact_not_nearest) ... ok
test_focus_plane_is_sharp (test_reference.OpticalContractsTests.test_focus_plane_is_sharp) ... ok
test_fov_lens_is_derived_from_gate_and_angle (test_reference.OpticalContractsTests.test_fov_lens_is_derived_from_gate_and_angle) ... ok
test_gate_conversion_is_explicit (test_reference.OpticalContractsTests.test_gate_conversion_is_explicit) ... ok
test_infinity_limit_is_finite (test_reference.OpticalContractsTests.test_infinity_limit_is_finite) ... ok
test_invalid_optical_geometry_rejected (test_reference.OpticalContractsTests.test_invalid_optical_geometry_rejected) ... ok
test_near_and_far_blur_have_opposite_signs (test_reference.OpticalContractsTests.test_near_and_far_blur_have_opposite_signs) ... ok
test_occlusion_disables_history_blending (test_reference.OpticalContractsTests.test_occlusion_disables_history_blending) ... ok
test_relative_depth_cannot_masquerade_as_metres (test_reference.OpticalContractsTests.test_relative_depth_cannot_masquerade_as_metres) ... ok
test_shutter_angle_converts_to_seconds (test_reference.OpticalContractsTests.test_shutter_angle_converts_to_seconds) ... ok
test_stopping_down_halves_diameter (test_reference.OpticalContractsTests.test_stopping_down_halves_diameter) ... ok
test_temporal_history_weight_is_bounded (test_reference.OpticalContractsTests.test_temporal_history_weight_is_bounded) ... ok
test_finalize_retains_recorded_status (test_reference.RecorderStateTests.test_finalize_retains_recorded_status) ... ok
test_invalid_event_rejected (test_reference.RecorderStateTests.test_invalid_event_rejected) ... ok
test_recording_waits_for_every_selected_track (test_reference.RecorderStateTests.test_recording_waits_for_every_selected_track) ... ok
test_stale_generation_is_ignored (test_reference.RecorderStateTests.test_stale_generation_is_ignored) ... ok
test_stop_cannot_be_undone_by_late_sample (test_reference.RecorderStateTests.test_stop_cannot_be_undone_by_late_sample) ... ok
test_unexpected_track_rejected (test_reference.RecorderStateTests.test_unexpected_track_rejected) ... ok

----------------------------------------------------------------------
Ran 48 tests in 0.042s

OK
